// 同步 ID: c6c8d42d @ Wed Jul  8 16:34:16 UTC 2026
// 同步 ID: 45c1ef1b @ Sat Jul 11 14:57:58 UTC 2026
// 重构日志: 44bcb431
// 同步 ID: 698ec32a @ Mon Jul 13 22:12:09 UTC 2026
// 重构日志: 6c253f16
// 重构日志: e41d6a39
// 同步 ID: 0d361ffc @ Sat Jul 18 06:58:01 UTC 2026
// 重构日志: 7b359269
// 重构日志: 12a5ba8b
// 重构日志: eb54fb53
// 同步 ID: 7cf7ec22 @ Fri Jul 24 12:56:10 UTC 2026
// 重构日志: 7c0217de
// 同步 ID: ec0e46ba @ Sat Jul 25 07:26:49 UTC 2026
// 重构日志: 69505e18
// 重构日志: 1cc152d5
// 重构日志: 8495810d
// 重构日志: e5f53552
// 重构日志: d5cbdb67
// 同步 ID: 9c95b79e @ Fri Jul 31 16:49:40 UTC 2026
// 同步 ID: a19083fd @ Sun Aug  2 17:29:35 UTC 2026
// 同步 ID: b0c2cc15 @ Tue Aug  4 04:01:02 UTC 2026
// 同步 ID: ec21830f @ Tue Aug  4 07:24:45 UTC 2026
